---test_example_1---
image: [0.000000, 0.000000, 0.000000, 0.187500, 0.750000, 0.750000, 0.125000, 0.000000, 0.000000, 0.000000, 0.437500, 0.937500, 1.000000, 1.000000, 0.000000, 0.000000, 0.000000, 0.250000, 0.937500, 0.562500, 0.875000, 1.000000, 0.187500, 0.000000, 0.000000, 0.125000, 0.000000, 0.000000, 0.875000, 1.000000, 0.000000, 0.000000, 0.000000, 0.000000, 0.000000, 0.000000, 0.875000, 1.000000, 0.000000, 0.000000, 0.000000, 0.000000, 0.000000, 0.000000, 0.937500, 0.812500, 0.000000, 0.000000, 0.000000, 0.000000, 0.000000, 0.000000, 1.000000, 0.875000, 0.062500, 0.000000, 0.000000, 0.000000, 0.000000, 0.187500, 1.000000, 0.812500, 0.125000, 0.000000]
actual: 1
predicted: 1
---------------------

---test_example_13---
image: [0.000000, 0.000000, 0.000000, 0.625000, 0.375000, 0.000000, 0.000000, 0.000000, 0.000000, 0.000000, 0.250000, 1.000000, 0.125000, 0.187500, 0.000000, 0.000000, 0.000000, 0.000000, 0.812500, 0.500000, 0.437500, 0.875000, 0.000000, 0.000000, 0.000000, 0.437500, 0.937500, 0.000000, 0.812500, 0.875000, 0.312500, 0.000000, 0.000000, 0.875000, 0.937500, 0.875000, 1.000000, 1.000000, 0.562500, 0.000000, 0.000000, 0.812500, 1.000000, 0.937500, 1.000000, 0.375000, 0.000000, 0.000000, 0.000000, 0.000000, 0.062500, 0.562500, 0.875000, 0.000000, 0.000000, 0.000000, 0.000000, 0.000000, 0.000000, 0.875000, 0.625000, 0.000000, 0.000000, 0.000000]
actual: 4
predicted: 4
---------------------

---test_example_25---
image: [0.000000, 0.000000, 0.562500, 0.562500, 0.750000, 0.750000, 0.000000, 0.000000, 0.000000, 0.000000, 0.875000, 0.625000, 0.500000, 0.187500, 0.000000, 0.000000, 0.000000, 0.000000, 0.812500, 0.375000, 0.187500, 0.000000, 0.000000, 0.000000, 0.000000, 0.000000, 0.812500, 1.000000, 0.937500, 0.750000, 0.125000, 0.000000, 0.000000, 0.000000, 0.000000, 0.000000, 0.000000, 0.312500, 0.562500, 0.000000, 0.000000, 0.000000, 0.000000, 0.000000, 0.000000, 0.125000, 0.750000, 0.000000, 0.000000, 0.000000, 0.312500, 0.062500, 0.125000, 0.687500, 0.500000, 0.000000, 0.000000, 0.000000, 0.625000, 1.000000, 1.000000, 0.687500, 0.062500, 0.000000]
actual: 5
predicted: 5
---------------------

---test_example_37---
image: [0.000000, 0.000000, 0.000000, 0.812500, 0.562500, 0.000000, 0.000000, 0.000000, 0.000000, 0.000000, 0.250000, 0.937500, 0.187500, 0.000000, 0.000000, 0.000000, 0.000000, 0.000000, 0.687500, 0.562500, 0.375000, 0.250000, 0.000000, 0.000000, 0.000000, 0.312500, 1.000000, 0.187500, 0.812500, 0.500000, 0.062500, 0.000000, 0.000000, 0.875000, 1.000000, 0.562500, 1.000000, 1.000000, 0.562500, 0.000000, 0.000000, 0.750000, 1.000000, 1.000000, 1.000000, 0.687500, 0.187500, 0.000000, 0.000000, 0.000000, 0.250000, 0.750000, 0.875000, 0.000000, 0.000000, 0.000000, 0.000000, 0.000000, 0.000000, 0.750000, 0.625000, 0.000000, 0.000000, 0.000000]
actual: 4
predicted: 4
---------------------

---test_example_49---
image: [0.000000, 0.000000, 0.250000, 1.000000, 1.000000, 0.562500, 0.000000, 0.000000, 0.000000, 0.000000, 0.062500, 0.562500, 0.625000, 1.000000, 0.062500, 0.000000, 0.000000, 0.000000, 0.000000, 0.312500, 0.937500, 1.000000, 0.062500, 0.000000, 0.000000, 0.000000, 0.000000, 0.625000, 1.000000, 0.312500, 0.000000, 0.000000, 0.000000, 0.000000, 0.000000, 0.125000, 1.000000, 0.375000, 0.000000, 0.000000, 0.000000, 0.000000, 0.000000, 0.000000, 0.625000, 0.625000, 0.000000, 0.000000, 0.000000, 0.000000, 0.687500, 0.500000, 0.750000, 0.875000, 0.062500, 0.000000, 0.000000, 0.000000, 0.312500, 0.812500, 1.000000, 0.937500, 0.000000, 0.000000]
actual: 3
predicted: 3
---------------------

---test_example_61---
image: [0.000000, 0.000000, 0.250000, 0.812500, 1.000000, 0.875000, 0.000000, 0.000000, 0.000000, 0.125000, 0.875000, 1.000000, 0.750000, 0.250000, 0.000000, 0.000000, 0.000000, 0.812500, 1.000000, 0.312500, 0.000000, 0.000000, 0.000000, 0.000000, 0.000000, 0.687500, 1.000000, 0.625000, 0.062500, 0.000000, 0.000000, 0.000000, 0.000000, 0.312500, 0.937500, 1.000000, 0.312500, 0.000000, 0.000000, 0.000000, 0.000000, 0.000000, 0.125000, 0.937500, 0.562500, 0.000000, 0.000000, 0.000000, 0.000000, 0.000000, 0.312500, 0.937500, 0.562500, 0.000000, 0.000000, 0.000000, 0.000000, 0.000000, 0.250000, 1.000000, 0.312500, 0.000000, 0.000000, 0.000000]
actual: 5
predicted: 5
---------------------

---test_example_73---
image: [0.000000, 0.000000, 0.000000, 0.437500, 0.750000, 1.000000, 1.000000, 0.937500, 0.000000, 0.000000, 0.562500, 1.000000, 0.625000, 0.250000, 1.000000, 0.625000, 0.000000, 0.000000, 0.875000, 1.000000, 0.812500, 0.875000, 0.750000, 0.062500, 0.000000, 0.000000, 0.250000, 1.000000, 1.000000, 1.000000, 0.750000, 0.000000, 0.000000, 0.000000, 0.000000, 0.000000, 0.000000, 1.000000, 0.625000, 0.000000, 0.000000, 0.000000, 0.000000, 0.000000, 0.437500, 0.937500, 0.000000, 0.000000, 0.000000, 0.000000, 0.000000, 0.062500, 0.937500, 0.437500, 0.000000, 0.000000, 0.000000, 0.000000, 0.000000, 0.750000, 0.375000, 0.000000, 0.000000, 0.000000]
actual: 9
predicted: 9
---------------------

---test_example_85---
image: [0.000000, 0.000000, 0.062500, 0.812500, 0.500000, 0.000000, 0.000000, 0.000000, 0.000000, 0.000000, 0.437500, 1.000000, 0.187500, 0.000000, 0.000000, 0.000000, 0.000000, 0.000000, 0.875000, 0.562500, 0.000000, 0.437500, 0.437500, 0.000000, 0.000000, 0.187500, 1.000000, 0.187500, 0.125000, 0.937500, 0.562500, 0.000000, 0.000000, 0.562500, 1.000000, 0.500000, 0.750000, 0.937500, 0.000000, 0.000000, 0.000000, 0.375000, 1.000000, 1.000000, 1.000000, 0.437500, 0.000000, 0.000000, 0.000000, 0.000000, 0.187500, 0.750000, 0.937500, 0.062500, 0.000000, 0.000000, 0.000000, 0.000000, 0.000000, 0.812500, 0.562500, 0.000000, 0.000000, 0.000000]
actual: 4
predicted: 4
---------------------

---test_example_97---
image: [0.000000, 0.000000, 0.437500, 0.937500, 0.937500, 0.375000, 0.000000, 0.000000, 0.000000, 0.250000, 1.000000, 1.000000, 0.687500, 0.937500, 0.000000, 0.000000, 0.000000, 0.437500, 1.000000, 0.625000, 0.625000, 1.000000, 0.062500, 0.000000, 0.000000, 0.187500, 0.687500, 1.000000, 1.000000, 0.375000, 0.000000, 0.000000, 0.000000, 0.062500, 0.937500, 1.000000, 0.625000, 0.000000, 0.000000, 0.000000, 0.000000, 0.312500, 1.000000, 0.312500, 0.875000, 0.000000, 0.000000, 0.000000, 0.000000, 0.062500, 0.812500, 0.187500, 0.875000, 0.062500, 0.000000, 0.000000, 0.000000, 0.000000, 0.312500, 0.937500, 0.937500, 0.125000, 0.000000, 0.000000]
actual: 8
predicted: 8
---------------------

---test_example_109---
image: [0.000000, 0.000000, 0.000000, 0.687500, 0.500000, 0.000000, 0.000000, 0.000000, 0.000000, 0.000000, 0.312500, 1.000000, 0.437500, 0.000000, 0.000000, 0.000000, 0.000000, 0.000000, 0.625000, 0.875000, 0.000000, 0.000000, 0.000000, 0.000000, 0.000000, 0.000000, 0.750000, 0.562500, 0.062500, 0.187500, 0.000000, 0.000000, 0.000000, 0.000000, 0.875000, 0.875000, 0.937500, 1.000000, 0.437500, 0.000000, 0.000000, 0.000000, 0.625000, 1.000000, 0.937500, 0.750000, 0.750000, 0.000000, 0.000000, 0.000000, 0.375000, 1.000000, 0.812500, 0.875000, 0.750000, 0.000000, 0.000000, 0.000000, 0.000000, 0.562500, 0.937500, 0.937500, 0.187500, 0.000000]
actual: 6
predicted: 6
---------------------

---test_example_121---
image: [0.000000, 0.000000, 0.250000, 0.937500, 1.000000, 0.375000, 0.000000, 0.000000, 0.000000, 0.000000, 1.000000, 0.750000, 0.500000, 0.937500, 0.000000, 0.000000, 0.000000, 0.437500, 1.000000, 0.250000, 0.000000, 0.687500, 0.312500, 0.000000, 0.000000, 0.625000, 0.937500, 0.000000, 0.000000, 0.500000, 0.562500, 0.000000, 0.000000, 0.625000, 0.875000, 0.000000, 0.000000, 0.500000, 0.687500, 0.000000, 0.000000, 0.375000, 1.000000, 0.250000, 0.000000, 0.687500, 0.562500, 0.000000, 0.000000, 0.062500, 0.937500, 0.437500, 0.500000, 1.000000, 0.312500, 0.000000, 0.000000, 0.000000, 0.187500, 0.875000, 1.000000, 0.625000, 0.062500, 0.000000]
actual: 0
predicted: 0
---------------------

---test_example_133---
image: [0.000000, 0.000000, 0.375000, 0.937500, 0.937500, 0.250000, 0.000000, 0.000000, 0.000000, 0.375000, 1.000000, 1.000000, 1.000000, 0.875000, 0.000000, 0.000000, 0.000000, 0.437500, 1.000000, 0.875000, 1.000000, 0.812500, 0.000000, 0.000000, 0.000000, 0.000000, 0.187500, 0.437500, 1.000000, 0.375000, 0.000000, 0.000000, 0.000000, 0.000000, 0.000000, 0.125000, 1.000000, 0.562500, 0.000000, 0.000000, 0.000000, 0.000000, 0.000000, 0.000000, 0.875000, 0.937500, 0.000000, 0.000000, 0.000000, 0.000000, 0.437500, 0.625000, 1.000000, 0.875000, 0.000000, 0.000000, 0.000000, 0.000000, 0.437500, 0.937500, 0.937500, 0.250000, 0.000000, 0.000000]
actual: 3
predicted: 3
---------------------

